#! /usr/bin/vvp
:ivl_version "12.0 (stable)";
:ivl_delay_selection "TYPICAL";
:vpi_time_precision - 12;
:vpi_module "/usr/lib/x86_64-linux-gnu/ivl/system.vpi";
:vpi_module "/usr/lib/x86_64-linux-gnu/ivl/vhdl_sys.vpi";
:vpi_module "/usr/lib/x86_64-linux-gnu/ivl/vhdl_textio.vpi";
:vpi_module "/usr/lib/x86_64-linux-gnu/ivl/v2005_math.vpi";
:vpi_module "/usr/lib/x86_64-linux-gnu/ivl/va_math.vpi";
:vpi_module "/usr/lib/x86_64-linux-gnu/ivl/v2009.vpi";
S_0x608368301330 .scope package, "$unit" "$unit" 2 1;
 .timescale 0 0;
S_0x6083682d4310 .scope module, "tb_minesweeper" "tb_minesweeper" 3 2;
 .timescale -9 -12;
v0x6083683335e0_0 .var "btn_new", 0 0;
v0x6083683336f0_0 .var "btn_open", 0 0;
v0x608368333800_0 .var "btn_rst", 0 0;
v0x6083683338a0_0 .var "clk", 0 0;
v0x608368333940_0 .var "found_safe", 0 0;
v0x608368333a30_0 .var/i "i", 31 0;
v0x608368333ad0_0 .net "led_lose", 0 0, L_0x6083682fb1f0;  1 drivers
v0x608368333b70_0 .net "led_win", 0 0, L_0x6083682f62c0;  1 drivers
v0x608368333c40_0 .var "mine_idx", 5 0;
v0x608368333ce0_0 .var "safe_idx", 5 0;
v0x608368333dc0_0 .net "scan_col", 2 0, v0x608368331550_0;  1 drivers
v0x608368333e80_0 .net "scan_row", 2 0, v0x608368331740_0;  1 drivers
v0x608368333f90_0 .net "seg", 6 0, v0x608368331cd0_0;  1 drivers
v0x6083683340a0_0 .var "sw_col", 2 0;
v0x6083683341b0_0 .var "sw_row", 2 0;
S_0x6083682d44a0 .scope begin, "check_disp" "check_disp" 3 96, 3 96 0, S_0x6083682d4310;
 .timescale -9 -12;
v0x6083682f6da0_0 .var "seen_h", 0 0;
v0x6083682f81b0_0 .var/i "t", 31 0;
E_0x6083682bd8e0 .event posedge, v0x60836832ca00_0;
S_0x60836832b990 .scope module, "dut" "minesweeper_top" 3 13, 4 417 0, S_0x6083682d4310;
 .timescale 0 0;
    .port_info 0 /INPUT 1 "sys_clk";
    .port_info 1 /INPUT 1 "btn_rst";
    .port_info 2 /INPUT 1 "btn_new";
    .port_info 3 /INPUT 1 "btn_open";
    .port_info 4 /INPUT 3 "sw_row";
    .port_info 5 /INPUT 3 "sw_col";
    .port_info 6 /OUTPUT 7 "seg";
    .port_info 7 /OUTPUT 3 "scan_row";
    .port_info 8 /OUTPUT 3 "scan_col";
    .port_info 9 /OUTPUT 1 "led_win";
    .port_info 10 /OUTPUT 1 "led_lose";
L_0x6083682f4f10 .functor BUFZ 1, v0x608368333800_0, C4<0>, C4<0>, C4<0>;
L_0x6083682f62c0 .functor AND 1, v0x60836832d070_0, v0x60836832dec0_0, C4<1>, C4<1>;
L_0x6083683007f0 .functor NOT 1, v0x60836832dec0_0, C4<0>, C4<0>, C4<0>;
L_0x6083682fb1f0 .functor AND 1, v0x60836832d070_0, L_0x6083683007f0, C4<1>, C4<1>;
v0x608368331e20_0 .net *"_ivl_4", 0 0, L_0x6083683007f0;  1 drivers
v0x608368331f00_0 .net "btn_new", 0 0, v0x6083683335e0_0;  1 drivers
v0x608368331ff0_0 .net "btn_open", 0 0, v0x6083683336f0_0;  1 drivers
v0x6083683320f0_0 .net "btn_rst", 0 0, v0x608368333800_0;  1 drivers
L_0x70a2c30960f0 .functor BUFT 1, C4<1>, C4<0>, C4<0>, C4<0>;
v0x608368332190_0 .net "digit_en", 0 0, L_0x70a2c30960f0;  1 drivers
v0x608368332230_0 .net "disp_code", 3 0, L_0x608368334ba0;  1 drivers
v0x608368332320_0 .net "game_over", 0 0, v0x60836832d070_0;  1 drivers
v0x608368332410_0 .net "led_lose", 0 0, L_0x6083682fb1f0;  alias, 1 drivers
v0x6083683324b0_0 .net "led_win", 0 0, L_0x6083682f62c0;  alias, 1 drivers
v0x608368332550_0 .net "mine_bitmap", 63 0, v0x60836832d110_0;  1 drivers
v0x6083683325f0_0 .net "new_game_pulse", 0 0, v0x60836832e720_0;  1 drivers
v0x6083683326e0_0 .net "open_pulse", 0 0, v0x60836832f290_0;  1 drivers
v0x6083683327d0_0 .net "opened_bmp", 63 0, v0x60836832d560_0;  1 drivers
v0x6083683328e0_0 .net "rst", 0 0, L_0x6083682f4f10;  1 drivers
v0x608368332980_0 .net "scan_col", 2 0, v0x608368331550_0;  alias, 1 drivers
v0x608368332a40_0 .net "scan_row", 2 0, v0x608368331740_0;  alias, 1 drivers
v0x608368332ae0_0 .net "seg", 6 0, v0x608368331cd0_0;  alias, 1 drivers
v0x608368332c90_0 .net "sw_col", 2 0, v0x6083683340a0_0;  1 drivers
v0x608368332d30_0 .net "sw_row", 2 0, v0x6083683341b0_0;  1 drivers
v0x608368332dd0_0 .net "sys_clk", 0 0, v0x6083683338a0_0;  1 drivers
v0x608368332e70_0 .net "win_flag", 0 0, v0x60836832dec0_0;  1 drivers
S_0x60836832bb40 .scope module, "u_core" "minesweeper_core" 4 451, 4 164 0, S_0x60836832b990;
 .timescale 0 0;
    .port_info 0 /INPUT 1 "clk";
    .port_info 1 /INPUT 1 "rst";
    .port_info 2 /INPUT 1 "new_game";
    .port_info 3 /INPUT 1 "open_pulse";
    .port_info 4 /INPUT 3 "sel_row";
    .port_info 5 /INPUT 3 "sel_col";
    .port_info 6 /OUTPUT 64 "mine_bitmap";
    .port_info 7 /OUTPUT 64 "opened_bmp";
    .port_info 8 /OUTPUT 1 "game_over";
    .port_info 9 /OUTPUT 1 "win_flag";
    .port_info 10 /OUTPUT 6 "scan_addr_dummy";
P_0x60836832bd20 .param/l "MINE_COUNT" 0 4 165, +C4<00000000000000000000000000001010>;
P_0x60836832bd60 .param/l "S_END" 1 4 186, C4<011>;
P_0x60836832bda0 .param/l "S_PLACE" 1 4 184, C4<001>;
P_0x60836832bde0 .param/l "S_PLAY" 1 4 185, C4<010>;
P_0x60836832be20 .param/l "S_SEED" 1 4 183, C4<000>;
v0x60836832cfb0_0 .net "clk", 0 0, v0x6083683338a0_0;  alias, 1 drivers
v0x60836832d070_0 .var "game_over", 0 0;
v0x60836832d110_0 .var "mine_bitmap", 63 0;
v0x60836832d1d0_0 .var "mines_placed", 3 0;
v0x60836832d2b0_0 .net "new_game", 0 0, v0x60836832e720_0;  alias, 1 drivers
v0x60836832d3c0_0 .net "open_idx", 5 0, L_0x608368334440;  1 drivers
v0x60836832d4a0_0 .net "open_pulse", 0 0, v0x60836832f290_0;  alias, 1 drivers
v0x60836832d560_0 .var "opened_bmp", 63 0;
v0x60836832d640_0 .var "opened_count", 6 0;
v0x60836832d7b0_0 .var "rng_advance", 0 0;
v0x60836832d850_0 .net "rng_idx", 5 0, L_0x608368334350;  1 drivers
v0x60836832d8f0_0 .var "rng_seed_load", 0 0;
v0x60836832d9c0_0 .net "rst", 0 0, L_0x6083682f4f10;  alias, 1 drivers
L_0x70a2c3096018 .functor BUFT 1, C4<000000>, C4<0>, C4<0>, C4<0>;
v0x60836832da90_0 .net "scan_addr_dummy", 5 0, L_0x70a2c3096018;  1 drivers
v0x60836832db30_0 .net "sel_col", 2 0, v0x6083683340a0_0;  alias, 1 drivers
v0x60836832dbf0_0 .net "sel_row", 2 0, v0x6083683341b0_0;  alias, 1 drivers
v0x60836832dcd0_0 .var "state", 2 0;
v0x60836832dec0_0 .var "win_flag", 0 0;
L_0x608368334440 .concat [ 3 3 0 0], v0x6083683340a0_0, v0x6083683341b0_0;
S_0x60836832c0a0 .scope function.vec4.s4, "count_neighbors" "count_neighbors" 4 206, 4 206 0, S_0x60836832bb40;
 .timescale 0 0;
v0x6083682f5030_0 .var "cnt", 3 0;
v0x6083682f6460_0 .var "col", 2 0;
; Variable count_neighbors is vec4 return value of scope S_0x60836832c0a0
v0x6083682fb390_0 .var/i "dc", 31 0;
v0x6083682fc0f0_0 .var/i "dr", 31 0;
v0x60836832c410_0 .var "mines", 63 0;
v0x60836832c4f0_0 .var/i "nc", 31 0;
v0x60836832c5d0_0 .var/i "nr", 31 0;
v0x60836832c6b0_0 .var "row", 2 0;
TD_tb_minesweeper.dut.u_core.count_neighbors ;
    %pushi/vec4 0, 0, 4;
    %store/vec4 v0x6083682f5030_0, 0, 4;
    %pushi/vec4 4294967295, 0, 32;
    %store/vec4 v0x6083682fc0f0_0, 0, 32;
T_0.0 ;
    %load/vec4 v0x6083682fc0f0_0;
    %cmpi/s 1, 0, 32;
    %flag_or 5, 4;
    %jmp/0xz T_0.1, 5;
    %pushi/vec4 4294967295, 0, 32;
    %store/vec4 v0x6083682fb390_0, 0, 32;
T_0.2 ;
    %load/vec4 v0x6083682fb390_0;
    %cmpi/s 1, 0, 32;
    %flag_or 5, 4;
    %jmp/0xz T_0.3, 5;
    %load/vec4 v0x6083682fc0f0_0;
    %cmpi/e 0, 0, 32;
    %flag_get/vec4 4;
    %jmp/0 T_0.6, 4;
    %load/vec4 v0x6083682fb390_0;
    %pushi/vec4 0, 0, 32;
    %cmp/e;
    %flag_get/vec4 4;
    %and;
T_0.6;
    %nor/r;
    %flag_set/vec4 8;
    %jmp/0xz  T_0.4, 8;
    %load/vec4 v0x60836832c6b0_0;
    %pad/u 32;
    %load/vec4 v0x6083682fc0f0_0;
    %add;
    %store/vec4 v0x60836832c5d0_0, 0, 32;
    %load/vec4 v0x6083682f6460_0;
    %pad/u 32;
    %load/vec4 v0x6083682fb390_0;
    %add;
    %store/vec4 v0x60836832c4f0_0, 0, 32;
    %load/vec4 v0x60836832c5d0_0;
    %cmpi/s 0, 0, 32;
    %flag_inv 5; GE is !LT
    %flag_get/vec4 5;
    %jmp/0 T_0.11, 5;
    %load/vec4 v0x60836832c5d0_0;
    %cmpi/s 7, 0, 32;
    %flag_get/vec4 4;
    %flag_get/vec4 5;
    %or;
    %and;
T_0.11;
    %flag_set/vec4 10;
    %flag_get/vec4 10;
    %jmp/0 T_0.10, 10;
    %pushi/vec4 0, 0, 32;
    %load/vec4 v0x60836832c4f0_0;
    %cmp/s;
    %flag_get/vec4 4;
    %flag_get/vec4 5;
    %or;
    %and;
T_0.10;
    %flag_set/vec4 9;
    %flag_get/vec4 9;
    %jmp/0 T_0.9, 9;
    %load/vec4 v0x60836832c4f0_0;
    %cmpi/s 7, 0, 32;
    %flag_get/vec4 4;
    %flag_get/vec4 5;
    %or;
    %and;
T_0.9;
    %flag_set/vec4 8;
    %jmp/0xz  T_0.7, 8;
    %load/vec4 v0x60836832c410_0;
    %load/vec4 v0x60836832c5d0_0;
    %muli 8, 0, 32;
    %load/vec4 v0x60836832c4f0_0;
    %add;
    %part/s 1;
    %flag_set/vec4 8;
    %jmp/0xz  T_0.12, 8;
    %load/vec4 v0x6083682f5030_0;
    %addi 1, 0, 4;
    %store/vec4 v0x6083682f5030_0, 0, 4;
T_0.12 ;
T_0.7 ;
T_0.4 ;
    %load/vec4 v0x6083682fb390_0;
    %addi 1, 0, 32;
    %store/vec4 v0x6083682fb390_0, 0, 32;
    %jmp T_0.2;
T_0.3 ;
    %load/vec4 v0x6083682fc0f0_0;
    %addi 1, 0, 32;
    %store/vec4 v0x6083682fc0f0_0, 0, 32;
    %jmp T_0.0;
T_0.1 ;
    %load/vec4 v0x6083682f5030_0;
    %ret/vec4 0, 0, 4;  Assign to count_neighbors (store_vec4_to_lval)
    %end;
S_0x60836832c790 .scope module, "u_rng" "rng_lcg" 4 196, 4 66 0, S_0x60836832bb40;
 .timescale 0 0;
    .port_info 0 /INPUT 1 "clk";
    .port_info 1 /INPUT 1 "rst";
    .port_info 2 /INPUT 1 "seed_load";
    .port_info 3 /INPUT 1 "advance";
    .port_info 4 /OUTPUT 6 "idx";
v0x60836832c940_0 .net "advance", 0 0, v0x60836832d7b0_0;  1 drivers
v0x60836832ca00_0 .net "clk", 0 0, v0x6083683338a0_0;  alias, 1 drivers
v0x60836832cac0_0 .var "free_run", 31 0;
v0x60836832cb80_0 .net "idx", 5 0, L_0x608368334350;  alias, 1 drivers
v0x60836832cc60_0 .var "lcg_reg", 31 0;
v0x60836832cd90_0 .net "rst", 0 0, L_0x6083682f4f10;  alias, 1 drivers
v0x60836832ce50_0 .net "seed_load", 0 0, v0x60836832d8f0_0;  1 drivers
L_0x608368334350 .part v0x60836832cc60_0, 26, 6;
S_0x60836832e140 .scope module, "u_deb_new" "debounce" 4 437, 4 103 0, S_0x60836832b990;
 .timescale 0 0;
    .port_info 0 /INPUT 1 "clk";
    .port_info 1 /INPUT 1 "rst";
    .port_info 2 /INPUT 1 "btn_raw";
    .port_info 3 /OUTPUT 1 "pulse";
P_0x60836832d6e0 .param/l "CW" 1 4 111, +C4<00000000000000000000000000010010>;
P_0x60836832d720 .param/l "DEBOUNCE_CYCLES" 0 4 104, +C4<00000000000000110000110101000000>;
v0x60836832e4b0_0 .net "btn_raw", 0 0, v0x6083683335e0_0;  alias, 1 drivers
v0x60836832e570_0 .net "clk", 0 0, v0x6083683338a0_0;  alias, 1 drivers
v0x60836832e680_0 .var "cnt", 17 0;
v0x60836832e720_0 .var "pulse", 0 0;
v0x60836832e7f0_0 .net "rst", 0 0, L_0x6083682f4f10;  alias, 1 drivers
v0x60836832e930_0 .var "stable", 0 0;
v0x60836832e9d0_0 .var "stable_d", 0 0;
v0x60836832ea90_0 .var "sync0", 0 0;
v0x60836832eb50_0 .var "sync1", 0 0;
S_0x60836832ec90 .scope module, "u_deb_open" "debounce" 4 441, 4 103 0, S_0x60836832b990;
 .timescale 0 0;
    .port_info 0 /INPUT 1 "clk";
    .port_info 1 /INPUT 1 "rst";
    .port_info 2 /INPUT 1 "btn_raw";
    .port_info 3 /OUTPUT 1 "pulse";
P_0x60836832ee20 .param/l "CW" 1 4 111, +C4<00000000000000000000000000010010>;
P_0x60836832ee60 .param/l "DEBOUNCE_CYCLES" 0 4 104, +C4<00000000000000110000110101000000>;
v0x60836832f040_0 .net "btn_raw", 0 0, v0x6083683336f0_0;  alias, 1 drivers
v0x60836832f100_0 .net "clk", 0 0, v0x6083683338a0_0;  alias, 1 drivers
v0x60836832f1c0_0 .var "cnt", 17 0;
v0x60836832f290_0 .var "pulse", 0 0;
v0x60836832f360_0 .net "rst", 0 0, L_0x6083682f4f10;  alias, 1 drivers
v0x60836832f450_0 .var "stable", 0 0;
v0x60836832f4f0_0 .var "stable_d", 0 0;
v0x60836832f5b0_0 .var "sync0", 0 0;
v0x60836832f670_0 .var "sync1", 0 0;
S_0x60836832f7b0 .scope module, "u_disp" "display_scan" 4 472, 4 332 0, S_0x60836832b990;
 .timescale 0 0;
    .port_info 0 /INPUT 1 "clk";
    .port_info 1 /INPUT 1 "rst";
    .port_info 2 /INPUT 64 "mine_bitmap";
    .port_info 3 /INPUT 64 "opened_bmp";
    .port_info 4 /INPUT 1 "game_over";
    .port_info 5 /OUTPUT 3 "scan_row";
    .port_info 6 /OUTPUT 3 "scan_col";
    .port_info 7 /OUTPUT 4 "disp_code";
    .port_info 8 /OUTPUT 1 "digit_en";
P_0x60836832f940 .param/l "DIVW" 1 4 346, +C4<00000000000000000000000000001011>;
P_0x60836832f980 .param/l "REFRESH_DIV" 0 4 333, +C4<00000000000000000000011111010000>;
L_0x6083682fbf50 .functor AND 1, v0x60836832d070_0, L_0x608368334790, C4<1>, C4<1>;
L_0x70a2c30960a8 .functor BUFT 1, C4<1010>, C4<0>, C4<0>, C4<0>;
v0x608368330700_0 .net/2u *"_ivl_10", 3 0, L_0x70a2c30960a8;  1 drivers
v0x608368330800_0 .net *"_ivl_12", 3 0, L_0x6083683349b0;  1 drivers
v0x6083683308e0_0 .net *"_ivl_6", 0 0, L_0x6083682fbf50;  1 drivers
L_0x70a2c3096060 .functor BUFT 1, C4<1011>, C4<0>, C4<0>, C4<0>;
v0x6083683309a0_0 .net/2u *"_ivl_8", 3 0, L_0x70a2c3096060;  1 drivers
v0x608368330a80_0 .net "clk", 0 0, v0x6083683338a0_0;  alias, 1 drivers
v0x608368330bb0_0 .net "cur_count", 3 0, L_0x608368334880;  1 drivers
v0x608368330c90_0 .net "cur_mine", 0 0, L_0x608368334790;  1 drivers
v0x608368330d50_0 .net "cur_opened", 0 0, L_0x6083683346f0;  1 drivers
v0x608368330e10_0 .net "digit_en", 0 0, L_0x70a2c30960f0;  alias, 1 drivers
v0x608368330f60_0 .net "disp_code", 3 0, L_0x608368334ba0;  alias, 1 drivers
v0x608368331040_0 .var "div_cnt", 10 0;
v0x608368331120_0 .net "game_over", 0 0, v0x60836832d070_0;  alias, 1 drivers
v0x6083683311c0_0 .net "mine_bitmap", 63 0, v0x60836832d110_0;  alias, 1 drivers
v0x608368331290_0 .net "opened_bmp", 63 0, v0x60836832d560_0;  alias, 1 drivers
v0x608368331360_0 .net "rst", 0 0, L_0x6083682f4f10;  alias, 1 drivers
v0x608368331490_0 .var "scan_addr", 5 0;
v0x608368331550_0 .var "scan_col", 2 0;
v0x608368331740_0 .var "scan_row", 2 0;
E_0x6083682bdeb0 .event anyedge, v0x608368331490_0;
L_0x6083683346f0 .part/v v0x60836832d560_0, v0x608368331490_0, 1;
L_0x608368334790 .part/v v0x60836832d110_0, v0x608368331490_0, 1;
L_0x608368334880 .ufunc/vec4 TD_tb_minesweeper.dut.u_disp.count_neighbors, 4, v0x608368331740_0, v0x608368331550_0, v0x60836832d110_0 (v0x608368330620_0, v0x60836832ffa0_0, v0x608368330380_0) S_0x60836832fca0;
L_0x6083683349b0 .functor MUXZ 4, L_0x70a2c30960a8, L_0x70a2c3096060, L_0x6083682fbf50, C4<>;
L_0x608368334ba0 .functor MUXZ 4, L_0x6083683349b0, L_0x608368334880, L_0x6083683346f0, C4<>;
S_0x60836832fca0 .scope function.vec4.s4, "count_neighbors" "count_neighbors" 4 368, 4 368 0, S_0x60836832f7b0;
 .timescale 0 0;
v0x60836832fea0_0 .var "cnt", 3 0;
v0x60836832ffa0_0 .var "col", 2 0;
; Variable count_neighbors is vec4 return value of scope S_0x60836832fca0
v0x608368330170_0 .var/i "dc", 31 0;
v0x608368330250_0 .var/i "dr", 31 0;
v0x608368330380_0 .var "mines", 63 0;
v0x608368330460_0 .var/i "nc", 31 0;
v0x608368330540_0 .var/i "nr", 31 0;
v0x608368330620_0 .var "row", 2 0;
TD_tb_minesweeper.dut.u_disp.count_neighbors ;
    %pushi/vec4 0, 0, 4;
    %store/vec4 v0x60836832fea0_0, 0, 4;
    %pushi/vec4 4294967295, 0, 32;
    %store/vec4 v0x608368330250_0, 0, 32;
T_1.14 ;
    %load/vec4 v0x608368330250_0;
    %cmpi/s 1, 0, 32;
    %flag_or 5, 4;
    %jmp/0xz T_1.15, 5;
    %pushi/vec4 4294967295, 0, 32;
    %store/vec4 v0x608368330170_0, 0, 32;
T_1.16 ;
    %load/vec4 v0x608368330170_0;
    %cmpi/s 1, 0, 32;
    %flag_or 5, 4;
    %jmp/0xz T_1.17, 5;
    %load/vec4 v0x608368330250_0;
    %cmpi/e 0, 0, 32;
    %flag_get/vec4 4;
    %jmp/0 T_1.20, 4;
    %load/vec4 v0x608368330170_0;
    %pushi/vec4 0, 0, 32;
    %cmp/e;
    %flag_get/vec4 4;
    %and;
T_1.20;
    %nor/r;
    %flag_set/vec4 8;
    %jmp/0xz  T_1.18, 8;
    %load/vec4 v0x608368330620_0;
    %pad/u 32;
    %load/vec4 v0x608368330250_0;
    %add;
    %store/vec4 v0x608368330540_0, 0, 32;
    %load/vec4 v0x60836832ffa0_0;
    %pad/u 32;
    %load/vec4 v0x608368330170_0;
    %add;
    %store/vec4 v0x608368330460_0, 0, 32;
    %load/vec4 v0x608368330540_0;
    %cmpi/s 0, 0, 32;
    %flag_inv 5; GE is !LT
    %flag_get/vec4 5;
    %jmp/0 T_1.25, 5;
    %load/vec4 v0x608368330540_0;
    %cmpi/s 7, 0, 32;
    %flag_get/vec4 4;
    %flag_get/vec4 5;
    %or;
    %and;
T_1.25;
    %flag_set/vec4 10;
    %flag_get/vec4 10;
    %jmp/0 T_1.24, 10;
    %pushi/vec4 0, 0, 32;
    %load/vec4 v0x608368330460_0;
    %cmp/s;
    %flag_get/vec4 4;
    %flag_get/vec4 5;
    %or;
    %and;
T_1.24;
    %flag_set/vec4 9;
    %flag_get/vec4 9;
    %jmp/0 T_1.23, 9;
    %load/vec4 v0x608368330460_0;
    %cmpi/s 7, 0, 32;
    %flag_get/vec4 4;
    %flag_get/vec4 5;
    %or;
    %and;
T_1.23;
    %flag_set/vec4 8;
    %jmp/0xz  T_1.21, 8;
    %load/vec4 v0x608368330380_0;
    %load/vec4 v0x608368330540_0;
    %muli 8, 0, 32;
    %load/vec4 v0x608368330460_0;
    %add;
    %part/s 1;
    %flag_set/vec4 8;
    %jmp/0xz  T_1.26, 8;
    %load/vec4 v0x60836832fea0_0;
    %addi 1, 0, 4;
    %store/vec4 v0x60836832fea0_0, 0, 4;
T_1.26 ;
T_1.21 ;
T_1.18 ;
    %load/vec4 v0x608368330170_0;
    %addi 1, 0, 32;
    %store/vec4 v0x608368330170_0, 0, 32;
    %jmp T_1.16;
T_1.17 ;
    %load/vec4 v0x608368330250_0;
    %addi 1, 0, 32;
    %store/vec4 v0x608368330250_0, 0, 32;
    %jmp T_1.14;
T_1.15 ;
    %load/vec4 v0x60836832fea0_0;
    %ret/vec4 0, 0, 4;  Assign to count_neighbors (store_vec4_to_lval)
    %end;
S_0x608368331940 .scope module, "u_seg" "seg7_decoder" 4 485, 4 27 0, S_0x60836832b990;
 .timescale 0 0;
    .port_info 0 /INPUT 4 "code";
    .port_info 1 /OUTPUT 7 "seg";
v0x608368331b30_0 .net "code", 3 0, L_0x608368334ba0;  alias, 1 drivers
v0x608368331c10_0 .var "pat", 6 0;
v0x608368331cd0_0 .var "seg", 6 0;
E_0x6083682bd6f0 .event anyedge, v0x608368330f60_0, v0x608368331c10_0;
S_0x608368333030 .scope begin, "popcount_blk" "popcount_blk" 3 56, 3 56 0, S_0x6083682d4310;
 .timescale -9 -12;
v0x608368333240_0 .var/i "k", 31 0;
v0x608368333320_0 .var/i "pc", 31 0;
S_0x608368333400 .scope task, "press_open" "press_open" 3 34, 3 34 0, S_0x6083682d4310;
 .timescale -9 -12;
TD_tb_minesweeper.press_open ;
    %pushi/vec4 1, 0, 1;
    %store/vec4 v0x6083683336f0_0, 0, 1;
    %pushi/vec4 250000, 0, 32;
T_2.28 %dup/vec4;
    %pushi/vec4 0, 0, 32;
    %cmp/s;
    %jmp/1xz T_2.29, 5;
    %jmp/1 T_2.29, 4;
    %pushi/vec4 1, 0, 32;
    %sub;
    %wait E_0x6083682bd8e0;
    %jmp T_2.28;
T_2.29 ;
    %pop/vec4 1;
    %pushi/vec4 0, 0, 1;
    %store/vec4 v0x6083683336f0_0, 0, 1;
    %pushi/vec4 250000, 0, 32;
T_2.30 %dup/vec4;
    %pushi/vec4 0, 0, 32;
    %cmp/s;
    %jmp/1xz T_2.31, 5;
    %jmp/1 T_2.31, 4;
    %pushi/vec4 1, 0, 32;
    %sub;
    %wait E_0x6083682bd8e0;
    %jmp T_2.30;
T_2.31 ;
    %pop/vec4 1;
    %end;
    .scope S_0x60836832e140;
T_3 ;
    %wait E_0x6083682bd8e0;
    %load/vec4 v0x60836832e7f0_0;
    %flag_set/vec4 8;
    %jmp/0xz  T_3.0, 8;
    %pushi/vec4 0, 0, 1;
    %assign/vec4 v0x60836832ea90_0, 0;
    %pushi/vec4 0, 0, 1;
    %assign/vec4 v0x60836832eb50_0, 0;
    %jmp T_3.1;
T_3.0 ;
    %load/vec4 v0x60836832e4b0_0;
    %assign/vec4 v0x60836832ea90_0, 0;
    %load/vec4 v0x60836832ea90_0;
    %assign/vec4 v0x60836832eb50_0, 0;
T_3.1 ;
    %jmp T_3;
    .thread T_3;
    .scope S_0x60836832e140;
T_4 ;
    %wait E_0x6083682bd8e0;
    %load/vec4 v0x60836832e7f0_0;
    %flag_set/vec4 8;
    %jmp/0xz  T_4.0, 8;
    %pushi/vec4 0, 0, 18;
    %assign/vec4 v0x60836832e680_0, 0;
    %pushi/vec4 0, 0, 1;
    %assign/vec4 v0x60836832e930_0, 0;
    %pushi/vec4 0, 0, 1;
    %assign/vec4 v0x60836832e9d0_0, 0;
    %pushi/vec4 0, 0, 1;
    %assign/vec4 v0x60836832e720_0, 0;
    %jmp T_4.1;
T_4.0 ;
    %load/vec4 v0x60836832eb50_0;
    %load/vec4 v0x60836832e930_0;
    %cmp/e;
    %jmp/0xz  T_4.2, 4;
    %pushi/vec4 0, 0, 18;
    %assign/vec4 v0x60836832e680_0, 0;
    %jmp T_4.3;
T_4.2 ;
    %load/vec4 v0x60836832e680_0;
    %addi 1, 0, 18;
    %assign/vec4 v0x60836832e680_0, 0;
    %load/vec4 v0x60836832e680_0;
    %pad/u 32;
    %cmpi/u 200000, 0, 32;
    %flag_inv 5; GE is !LT
    %jmp/0xz  T_4.4, 5;
    %load/vec4 v0x60836832eb50_0;
    %assign/vec4 v0x60836832e930_0, 0;
    %pushi/vec4 0, 0, 18;
    %assign/vec4 v0x60836832e680_0, 0;
T_4.4 ;
T_4.3 ;
    %load/vec4 v0x60836832e930_0;
    %assign/vec4 v0x60836832e9d0_0, 0;
    %load/vec4 v0x60836832e930_0;
    %load/vec4 v0x60836832e9d0_0;
    %inv;
    %and;
    %assign/vec4 v0x60836832e720_0, 0;
T_4.1 ;
    %jmp T_4;
    .thread T_4;
    .scope S_0x60836832ec90;
T_5 ;
    %wait E_0x6083682bd8e0;
    %load/vec4 v0x60836832f360_0;
    %flag_set/vec4 8;
    %jmp/0xz  T_5.0, 8;
    %pushi/vec4 0, 0, 1;
    %assign/vec4 v0x60836832f5b0_0, 0;
    %pushi/vec4 0, 0, 1;
    %assign/vec4 v0x60836832f670_0, 0;
    %jmp T_5.1;
T_5.0 ;
    %load/vec4 v0x60836832f040_0;
    %assign/vec4 v0x60836832f5b0_0, 0;
    %load/vec4 v0x60836832f5b0_0;
    %assign/vec4 v0x60836832f670_0, 0;
T_5.1 ;
    %jmp T_5;
    .thread T_5;
    .scope S_0x60836832ec90;
T_6 ;
    %wait E_0x6083682bd8e0;
    %load/vec4 v0x60836832f360_0;
    %flag_set/vec4 8;
    %jmp/0xz  T_6.0, 8;
    %pushi/vec4 0, 0, 18;
    %assign/vec4 v0x60836832f1c0_0, 0;
    %pushi/vec4 0, 0, 1;
    %assign/vec4 v0x60836832f450_0, 0;
    %pushi/vec4 0, 0, 1;
    %assign/vec4 v0x60836832f4f0_0, 0;
    %pushi/vec4 0, 0, 1;
    %assign/vec4 v0x60836832f290_0, 0;
    %jmp T_6.1;
T_6.0 ;
    %load/vec4 v0x60836832f670_0;
    %load/vec4 v0x60836832f450_0;
    %cmp/e;
    %jmp/0xz  T_6.2, 4;
    %pushi/vec4 0, 0, 18;
    %assign/vec4 v0x60836832f1c0_0, 0;
    %jmp T_6.3;
T_6.2 ;
    %load/vec4 v0x60836832f1c0_0;
    %addi 1, 0, 18;
    %assign/vec4 v0x60836832f1c0_0, 0;
    %load/vec4 v0x60836832f1c0_0;
    %pad/u 32;
    %cmpi/u 200000, 0, 32;
    %flag_inv 5; GE is !LT
    %jmp/0xz  T_6.4, 5;
    %load/vec4 v0x60836832f670_0;
    %assign/vec4 v0x60836832f450_0, 0;
    %pushi/vec4 0, 0, 18;
    %assign/vec4 v0x60836832f1c0_0, 0;
T_6.4 ;
T_6.3 ;
    %load/vec4 v0x60836832f450_0;
    %assign/vec4 v0x60836832f4f0_0, 0;
    %load/vec4 v0x60836832f450_0;
    %load/vec4 v0x60836832f4f0_0;
    %inv;
    %and;
    %assign/vec4 v0x60836832f290_0, 0;
T_6.1 ;
    %jmp T_6;
    .thread T_6;
    .scope S_0x60836832c790;
T_7 ;
    %wait E_0x6083682bd8e0;
    %load/vec4 v0x60836832cd90_0;
    %flag_set/vec4 8;
    %jmp/0xz  T_7.0, 8;
    %pushi/vec4 2900434980, 0, 32;
    %assign/vec4 v0x60836832cac0_0, 0;
    %jmp T_7.1;
T_7.0 ;
    %load/vec4 v0x60836832cac0_0;
    %addi 1, 0, 32;
    %assign/vec4 v0x60836832cac0_0, 0;
T_7.1 ;
    %jmp T_7;
    .thread T_7;
    .scope S_0x60836832c790;
T_8 ;
    %wait E_0x6083682bd8e0;
    %load/vec4 v0x60836832cd90_0;
    %flag_set/vec4 8;
    %jmp/0xz  T_8.0, 8;
    %pushi/vec4 1, 0, 32;
    %assign/vec4 v0x60836832cc60_0, 0;
    %jmp T_8.1;
T_8.0 ;
    %load/vec4 v0x60836832ce50_0;
    %flag_set/vec4 8;
    %jmp/0xz  T_8.2, 8;
    %load/vec4 v0x60836832cac0_0;
    %pushi/vec4 1, 0, 32;
    %or;
    %assign/vec4 v0x60836832cc60_0, 0;
    %jmp T_8.3;
T_8.2 ;
    %load/vec4 v0x60836832c940_0;
    %flag_set/vec4 8;
    %jmp/0xz  T_8.4, 8;
    %load/vec4 v0x60836832cc60_0;
    %ix/load 4, 2, 0;
    %flag_set/imm 4, 0;
    %shiftl 4;
    %load/vec4 v0x60836832cc60_0;
    %add;
    %addi 1, 0, 32;
    %assign/vec4 v0x60836832cc60_0, 0;
T_8.4 ;
T_8.3 ;
T_8.1 ;
    %jmp T_8;
    .thread T_8;
    .scope S_0x60836832bb40;
T_9 ;
    %wait E_0x6083682bd8e0;
    %load/vec4 v0x60836832d9c0_0;
    %flag_set/vec4 8;
    %jmp/0xz  T_9.0, 8;
    %pushi/vec4 0, 0, 3;
    %assign/vec4 v0x60836832dcd0_0, 0;
    %pushi/vec4 0, 0, 64;
    %assign/vec4 v0x60836832d110_0, 0;
    %pushi/vec4 0, 0, 64;
    %assign/vec4 v0x60836832d560_0, 0;
    %pushi/vec4 0, 0, 4;
    %assign/vec4 v0x60836832d1d0_0, 0;
    %pushi/vec4 0, 0, 7;
    %assign/vec4 v0x60836832d640_0, 0;
    %pushi/vec4 0, 0, 1;
    %assign/vec4 v0x60836832d070_0, 0;
    %pushi/vec4 0, 0, 1;
    %assign/vec4 v0x60836832dec0_0, 0;
    %pushi/vec4 0, 0, 1;
    %assign/vec4 v0x60836832d8f0_0, 0;
    %pushi/vec4 0, 0, 1;
    %assign/vec4 v0x60836832d7b0_0, 0;
    %jmp T_9.1;
T_9.0 ;
    %pushi/vec4 0, 0, 1;
    %assign/vec4 v0x60836832d8f0_0, 0;
    %pushi/vec4 0, 0, 1;
    %assign/vec4 v0x60836832d7b0_0, 0;
    %load/vec4 v0x60836832dcd0_0;
    %dup/vec4;
    %pushi/vec4 0, 0, 3;
    %cmp/u;
    %jmp/1 T_9.2, 6;
    %dup/vec4;
    %pushi/vec4 1, 0, 3;
    %cmp/u;
    %jmp/1 T_9.3, 6;
    %dup/vec4;
    %pushi/vec4 2, 0, 3;
    %cmp/u;
    %jmp/1 T_9.4, 6;
    %dup/vec4;
    %pushi/vec4 3, 0, 3;
    %cmp/u;
    %jmp/1 T_9.5, 6;
    %pushi/vec4 0, 0, 3;
    %assign/vec4 v0x60836832dcd0_0, 0;
    %jmp T_9.7;
T_9.2 ;
    %pushi/vec4 0, 0, 64;
    %assign/vec4 v0x60836832d110_0, 0;
    %pushi/vec4 0, 0, 64;
    %assign/vec4 v0x60836832d560_0, 0;
    %pushi/vec4 0, 0, 4;
    %assign/vec4 v0x60836832d1d0_0, 0;
    %pushi/vec4 0, 0, 7;
    %assign/vec4 v0x60836832d640_0, 0;
    %pushi/vec4 0, 0, 1;
    %assign/vec4 v0x60836832d070_0, 0;
    %pushi/vec4 0, 0, 1;
    %assign/vec4 v0x60836832dec0_0, 0;
    %pushi/vec4 1, 0, 1;
    %assign/vec4 v0x60836832d8f0_0, 0;
    %pushi/vec4 1, 0, 3;
    %assign/vec4 v0x60836832dcd0_0, 0;
    %jmp T_9.7;
T_9.3 ;
    %pushi/vec4 1, 0, 1;
    %assign/vec4 v0x60836832d7b0_0, 0;
    %load/vec4 v0x60836832d1d0_0;
    %pad/u 32;
    %cmpi/e 10, 0, 32;
    %jmp/0xz  T_9.8, 4;
    %pushi/vec4 2, 0, 3;
    %assign/vec4 v0x60836832dcd0_0, 0;
    %jmp T_9.9;
T_9.8 ;
    %load/vec4 v0x60836832d110_0;
    %load/vec4 v0x60836832d850_0;
    %part/u 1;
    %nor/r;
    %flag_set/vec4 8;
    %jmp/0xz  T_9.10, 8;
    %pushi/vec4 1, 0, 1;
    %ix/load 5, 0, 0;
    %ix/getv 4, v0x60836832d850_0;
    %assign/vec4/off/d v0x60836832d110_0, 4, 5;
    %load/vec4 v0x60836832d1d0_0;
    %addi 1, 0, 4;
    %assign/vec4 v0x60836832d1d0_0, 0;
T_9.10 ;
T_9.9 ;
    %jmp T_9.7;
T_9.4 ;
    %load/vec4 v0x60836832d4a0_0;
    %flag_set/vec4 8;
    %jmp/0xz  T_9.12, 8;
    %load/vec4 v0x60836832d560_0;
    %load/vec4 v0x60836832d3c0_0;
    %part/u 1;
    %flag_set/vec4 8;
    %jmp/0xz  T_9.14, 8;
    %jmp T_9.15;
T_9.14 ;
    %load/vec4 v0x60836832d110_0;
    %load/vec4 v0x60836832d3c0_0;
    %part/u 1;
    %flag_set/vec4 8;
    %jmp/0xz  T_9.16, 8;
    %pushi/vec4 1, 0, 1;
    %assign/vec4 v0x60836832d070_0, 0;
    %pushi/vec4 0, 0, 1;
    %assign/vec4 v0x60836832dec0_0, 0;
    %pushi/vec4 3, 0, 3;
    %assign/vec4 v0x60836832dcd0_0, 0;
    %jmp T_9.17;
T_9.16 ;
    %pushi/vec4 1, 0, 1;
    %ix/load 5, 0, 0;
    %ix/getv 4, v0x60836832d3c0_0;
    %assign/vec4/off/d v0x60836832d560_0, 4, 5;
    %load/vec4 v0x60836832d640_0;
    %pad/u 32;
    %addi 1, 0, 32;
    %cmpi/e 54, 0, 32;
    %jmp/0xz  T_9.18, 4;
    %pushi/vec4 1, 0, 1;
    %assign/vec4 v0x60836832d070_0, 0;
    %pushi/vec4 1, 0, 1;
    %assign/vec4 v0x60836832dec0_0, 0;
    %pushi/vec4 3, 0, 3;
    %assign/vec4 v0x60836832dcd0_0, 0;
    %load/vec4 v0x60836832d640_0;
    %addi 1, 0, 7;
    %assign/vec4 v0x60836832d640_0, 0;
    %jmp T_9.19;
T_9.18 ;
    %load/vec4 v0x60836832d640_0;
    %addi 1, 0, 7;
    %assign/vec4 v0x60836832d640_0, 0;
T_9.19 ;
T_9.17 ;
T_9.15 ;
T_9.12 ;
    %jmp T_9.7;
T_9.5 ;
    %jmp T_9.7;
T_9.7 ;
    %pop/vec4 1;
    %load/vec4 v0x60836832d2b0_0;
    %flag_set/vec4 8;
    %jmp/0xz  T_9.20, 8;
    %pushi/vec4 0, 0, 3;
    %assign/vec4 v0x60836832dcd0_0, 0;
T_9.20 ;
T_9.1 ;
    %jmp T_9;
    .thread T_9;
    .scope S_0x60836832f7b0;
T_10 ;
    %wait E_0x6083682bd8e0;
    %load/vec4 v0x608368331360_0;
    %flag_set/vec4 8;
    %jmp/0xz  T_10.0, 8;
    %pushi/vec4 0, 0, 11;
    %assign/vec4 v0x608368331040_0, 0;
    %pushi/vec4 0, 0, 6;
    %assign/vec4 v0x608368331490_0, 0;
    %jmp T_10.1;
T_10.0 ;
    %load/vec4 v0x608368331040_0;
    %pad/u 32;
    %cmpi/e 1999, 0, 32;
    %jmp/0xz  T_10.2, 4;
    %pushi/vec4 0, 0, 11;
    %assign/vec4 v0x608368331040_0, 0;
    %load/vec4 v0x608368331490_0;
    %addi 1, 0, 6;
    %assign/vec4 v0x608368331490_0, 0;
    %jmp T_10.3;
T_10.2 ;
    %load/vec4 v0x608368331040_0;
    %addi 1, 0, 11;
    %assign/vec4 v0x608368331040_0, 0;
T_10.3 ;
T_10.1 ;
    %jmp T_10;
    .thread T_10;
    .scope S_0x60836832f7b0;
T_11 ;
    %wait E_0x6083682bdeb0;
    %load/vec4 v0x608368331490_0;
    %parti/s 3, 3, 3;
    %store/vec4 v0x608368331740_0, 0, 3;
    %load/vec4 v0x608368331490_0;
    %parti/s 3, 0, 2;
    %store/vec4 v0x608368331550_0, 0, 3;
    %jmp T_11;
    .thread T_11, $push;
    .scope S_0x608368331940;
T_12 ;
    %wait E_0x6083682bd6f0;
    %load/vec4 v0x608368331b30_0;
    %dup/vec4;
    %pushi/vec4 0, 0, 4;
    %cmp/u;
    %jmp/1 T_12.0, 6;
    %dup/vec4;
    %pushi/vec4 1, 0, 4;
    %cmp/u;
    %jmp/1 T_12.1, 6;
    %dup/vec4;
    %pushi/vec4 2, 0, 4;
    %cmp/u;
    %jmp/1 T_12.2, 6;
    %dup/vec4;
    %pushi/vec4 3, 0, 4;
    %cmp/u;
    %jmp/1 T_12.3, 6;
    %dup/vec4;
    %pushi/vec4 4, 0, 4;
    %cmp/u;
    %jmp/1 T_12.4, 6;
    %dup/vec4;
    %pushi/vec4 5, 0, 4;
    %cmp/u;
    %jmp/1 T_12.5, 6;
    %dup/vec4;
    %pushi/vec4 6, 0, 4;
    %cmp/u;
    %jmp/1 T_12.6, 6;
    %dup/vec4;
    %pushi/vec4 7, 0, 4;
    %cmp/u;
    %jmp/1 T_12.7, 6;
    %dup/vec4;
    %pushi/vec4 8, 0, 4;
    %cmp/u;
    %jmp/1 T_12.8, 6;
    %dup/vec4;
    %pushi/vec4 10, 0, 4;
    %cmp/u;
    %jmp/1 T_12.9, 6;
    %dup/vec4;
    %pushi/vec4 11, 0, 4;
    %cmp/u;
    %jmp/1 T_12.10, 6;
    %pushi/vec4 0, 0, 7;
    %store/vec4 v0x608368331c10_0, 0, 7;
    %jmp T_12.12;
T_12.0 ;
    %pushi/vec4 63, 0, 7;
    %store/vec4 v0x608368331c10_0, 0, 7;
    %jmp T_12.12;
T_12.1 ;
    %pushi/vec4 6, 0, 7;
    %store/vec4 v0x608368331c10_0, 0, 7;
    %jmp T_12.12;
T_12.2 ;
    %pushi/vec4 91, 0, 7;
    %store/vec4 v0x608368331c10_0, 0, 7;
    %jmp T_12.12;
T_12.3 ;
    %pushi/vec4 79, 0, 7;
    %store/vec4 v0x608368331c10_0, 0, 7;
    %jmp T_12.12;
T_12.4 ;
    %pushi/vec4 102, 0, 7;
    %store/vec4 v0x608368331c10_0, 0, 7;
    %jmp T_12.12;
T_12.5 ;
    %pushi/vec4 109, 0, 7;
    %store/vec4 v0x608368331c10_0, 0, 7;
    %jmp T_12.12;
T_12.6 ;
    %pushi/vec4 125, 0, 7;
    %store/vec4 v0x608368331c10_0, 0, 7;
    %jmp T_12.12;
T_12.7 ;
    %pushi/vec4 7, 0, 7;
    %store/vec4 v0x608368331c10_0, 0, 7;
    %jmp T_12.12;
T_12.8 ;
    %pushi/vec4 127, 0, 7;
    %store/vec4 v0x608368331c10_0, 0, 7;
    %jmp T_12.12;
T_12.9 ;
    %pushi/vec4 64, 0, 7;
    %store/vec4 v0x608368331c10_0, 0, 7;
    %jmp T_12.12;
T_12.10 ;
    %pushi/vec4 118, 0, 7;
    %store/vec4 v0x608368331c10_0, 0, 7;
    %jmp T_12.12;
T_12.12 ;
    %pop/vec4 1;
    %load/vec4 v0x608368331c10_0;
    %inv;
    %store/vec4 v0x608368331cd0_0, 0, 7;
    %jmp T_12;
    .thread T_12, $push;
    .scope S_0x6083682d4310;
T_13 ;
    %pushi/vec4 0, 0, 1;
    %store/vec4 v0x6083683338a0_0, 0, 1;
    %pushi/vec4 1, 0, 1;
    %store/vec4 v0x608368333800_0, 0, 1;
    %pushi/vec4 0, 0, 1;
    %store/vec4 v0x6083683335e0_0, 0, 1;
    %pushi/vec4 0, 0, 1;
    %store/vec4 v0x6083683336f0_0, 0, 1;
    %pushi/vec4 0, 0, 3;
    %store/vec4 v0x6083683341b0_0, 0, 3;
    %pushi/vec4 0, 0, 3;
    %store/vec4 v0x6083683340a0_0, 0, 3;
    %end;
    .thread T_13, $init;
    .scope S_0x6083682d4310;
T_14 ;
    %delay 5000, 0;
    %load/vec4 v0x6083683338a0_0;
    %inv;
    %store/vec4 v0x6083683338a0_0, 0, 1;
    %jmp T_14;
    .thread T_14;
    .scope S_0x6083682d4310;
T_15 ;
    %vpi_call/w 3 44 "$dumpfile", "tb.vcd" {0 0 0};
    %vpi_call/w 3 45 "$dumpvars", 32'sb00000000000000000000000000000000, S_0x6083682d4310 {0 0 0};
    %pushi/vec4 5, 0, 32;
T_15.0 %dup/vec4;
    %pushi/vec4 0, 0, 32;
    %cmp/s;
    %jmp/1xz T_15.1, 5;
    %jmp/1 T_15.1, 4;
    %pushi/vec4 1, 0, 32;
    %sub;
    %wait E_0x6083682bd8e0;
    %jmp T_15.0;
T_15.1 ;
    %pop/vec4 1;
    %pushi/vec4 0, 0, 1;
    %store/vec4 v0x608368333800_0, 0, 1;
    %pushi/vec4 5000, 0, 32;
T_15.2 %dup/vec4;
    %pushi/vec4 0, 0, 32;
    %cmp/s;
    %jmp/1xz T_15.3, 5;
    %jmp/1 T_15.3, 4;
    %pushi/vec4 1, 0, 32;
    %sub;
    %wait E_0x6083682bd8e0;
    %jmp T_15.2;
T_15.3 ;
    %pop/vec4 1;
    %vpi_call/w 3 54 "$display", "mine_bitmap = %064b", v0x60836832d110_0 {0 0 0};
    %vpi_call/w 3 55 "$display", "mines_placed count check (popcount):" {0 0 0};
    %fork t_1, S_0x608368333030;
    %jmp t_0;
    .scope S_0x608368333030;
t_1 ;
    %pushi/vec4 0, 0, 32;
    %store/vec4 v0x608368333320_0, 0, 32;
    %pushi/vec4 0, 0, 32;
    %store/vec4 v0x608368333240_0, 0, 32;
T_15.4 ;
    %load/vec4 v0x608368333240_0;
    %cmpi/s 64, 0, 32;
    %jmp/0xz T_15.5, 5;
    %load/vec4 v0x60836832d110_0;
    %load/vec4 v0x608368333240_0;
    %part/s 1;
    %flag_set/vec4 8;
    %jmp/0xz  T_15.6, 8;
    %load/vec4 v0x608368333320_0;
    %addi 1, 0, 32;
    %store/vec4 v0x608368333320_0, 0, 32;
T_15.6 ;
    %load/vec4 v0x608368333240_0;
    %addi 1, 0, 32;
    %store/vec4 v0x608368333240_0, 0, 32;
    %jmp T_15.4;
T_15.5 ;
    %vpi_call/w 3 61 "$display", "  -> %0d (expect 10)", v0x608368333320_0 {0 0 0};
    %end;
    .scope S_0x6083682d4310;
t_0 %join;
    %pushi/vec4 0, 0, 1;
    %store/vec4 v0x608368333940_0, 0, 1;
    %pushi/vec4 0, 0, 32;
    %store/vec4 v0x608368333a30_0, 0, 32;
T_15.8 ;
    %load/vec4 v0x608368333a30_0;
    %cmpi/s 64, 0, 32;
    %jmp/0xz T_15.9, 5;
    %load/vec4 v0x60836832d110_0;
    %load/vec4 v0x608368333a30_0;
    %part/s 1;
    %nor/r;
    %flag_set/vec4 9;
    %flag_get/vec4 9;
    %jmp/0 T_15.12, 9;
    %load/vec4 v0x608368333940_0;
    %nor/r;
    %and;
T_15.12;
    %flag_set/vec4 8;
    %jmp/0xz  T_15.10, 8;
    %load/vec4 v0x608368333a30_0;
    %pad/s 6;
    %store/vec4 v0x608368333ce0_0, 0, 6;
    %pushi/vec4 1, 0, 1;
    %store/vec4 v0x608368333940_0, 0, 1;
T_15.10 ;
    %load/vec4 v0x608368333a30_0;
    %addi 1, 0, 32;
    %store/vec4 v0x608368333a30_0, 0, 32;
    %jmp T_15.8;
T_15.9 ;
    %pushi/vec4 0, 0, 32;
    %store/vec4 v0x608368333a30_0, 0, 32;
T_15.13 ;
    %load/vec4 v0x608368333a30_0;
    %cmpi/s 64, 0, 32;
    %jmp/0xz T_15.14, 5;
    %load/vec4 v0x60836832d110_0;
    %load/vec4 v0x608368333a30_0;
    %part/s 1;
    %flag_set/vec4 8;
    %jmp/0xz  T_15.15, 8;
    %load/vec4 v0x608368333a30_0;
    %pad/s 6;
    %store/vec4 v0x608368333c40_0, 0, 6;
T_15.15 ;
    %load/vec4 v0x608368333a30_0;
    %addi 1, 0, 32;
    %store/vec4 v0x608368333a30_0, 0, 32;
    %jmp T_15.13;
T_15.14 ;
    %vpi_call/w 3 75 "$display", "safe_idx=%0d mine_idx=%0d", v0x608368333ce0_0, v0x608368333c40_0 {0 0 0};
    %load/vec4 v0x608368333ce0_0;
    %parti/s 3, 3, 3;
    %store/vec4 v0x6083683341b0_0, 0, 3;
    %load/vec4 v0x608368333ce0_0;
    %parti/s 3, 0, 2;
    %store/vec4 v0x6083683340a0_0, 0, 3;
    %fork TD_tb_minesweeper.press_open, S_0x608368333400;
    %join;
    %load/vec4 v0x608368333b70_0;
    %load/vec4 v0x608368333ad0_0;
    %or;
    %vpi_call/w 3 81 "$display", "after opening safe cell: opened_bmp[safe_idx]=%b game_over=%b", &PV<v0x60836832d560_0, v0x608368333ce0_0, 1>, S<0,vec4,u1> {1 0 0};
    %fork TD_tb_minesweeper.press_open, S_0x608368333400;
    %join;
    %vpi_call/w 3 86 "$display", "re-open same cell (should be ignored), opened_count=%0d", v0x60836832d640_0 {0 0 0};
    %load/vec4 v0x608368333c40_0;
    %parti/s 3, 3, 3;
    %store/vec4 v0x6083683341b0_0, 0, 3;
    %load/vec4 v0x608368333c40_0;
    %parti/s 3, 0, 2;
    %store/vec4 v0x6083683340a0_0, 0, 3;
    %fork TD_tb_minesweeper.press_open, S_0x608368333400;
    %join;
    %vpi_call/w 3 93 "$display", "after opening mine cell: led_win=%b led_lose=%b", v0x608368333b70_0, v0x608368333ad0_0 {0 0 0};
    %fork t_3, S_0x6083682d44a0;
    %jmp t_2;
    .scope S_0x6083682d44a0;
t_3 ;
    %pushi/vec4 0, 0, 1;
    %store/vec4 v0x6083682f6da0_0, 0, 1;
    %pushi/vec4 0, 0, 32;
    %store/vec4 v0x6083682f81b0_0, 0, 32;
T_15.17 ;
    %load/vec4 v0x6083682f81b0_0;
    %cmpi/s 200000, 0, 32;
    %jmp/0xz T_15.18, 5;
    %wait E_0x6083682bd8e0;
    %load/vec4 v0x608368331740_0;
    %load/vec4 v0x608368331550_0;
    %concat/vec4; draw_concat_vec4
    %load/vec4 v0x608368333c40_0;
    %cmp/e;
    %flag_get/vec4 4;
    %jmp/0 T_15.21, 4;
    %load/vec4 v0x608368330f60_0;
    %pushi/vec4 11, 0, 4;
    %cmp/e;
    %flag_get/vec4 4;
    %and;
T_15.21;
    %flag_set/vec4 8;
    %jmp/0xz  T_15.19, 8;
    %pushi/vec4 1, 0, 1;
    %store/vec4 v0x6083682f6da0_0, 0, 1;
T_15.19 ;
    %load/vec4 v0x6083682f81b0_0;
    %addi 1, 0, 32;
    %store/vec4 v0x6083682f81b0_0, 0, 32;
    %jmp T_15.17;
T_15.18 ;
    %vpi_call/w 3 106 "$display", "mine cell shows 'H' code after game over: %b", v0x6083682f6da0_0 {0 0 0};
    %end;
    .scope S_0x6083682d4310;
t_2 %join;
    %vpi_call/w 3 109 "$display", "TEST DONE" {0 0 0};
    %vpi_call/w 3 110 "$finish" {0 0 0};
    %end;
    .thread T_15;
# The file index is used to find the file name in the following table.
:file_names 5;
    "N/A";
    "<interactive>";
    "-";
    "testbench.v";
    "mswp.v";
